
> portfolio-os@1.0.0 dev
> vite --host 127.0.0.1 --port 5173 --strictPort


  [32m[1mVITE[22m v5.4.21[39m  [2mready in [0m[1m377[22m[2m[0m ms[22m

  [32m➜[39m  [1mLocal[22m:   [36mhttp://127.0.0.1:[1m5173[22m/[39m
[2m[32m  ➜[39m[22m[2m  press [22m[1mh + enter[22m[2m to show help[22m
[2m00:18:50[22m [36m[1m[vite][22m[39m [32mhmr update [39m[2m/src/components/Apps/ContactApp.tsx[22m
[2m00:19:21[22m [36m[1m[vite][22m[39m [32mhmr update [39m[2m/src/styles/global.css[22m
[2m00:19:30[22m [36m[1m[vite][22m[39m [32mhmr update [39m[2m/src/styles/global.css[22m
[2m00:20:32[22m [36m[1m[vite][22m[39m [32mhmr update [39m[2m/src/components/Mobile/MobilePortfolio.tsx, /src/components/Apps/ProjectDetailApp.tsx, /src/components/Desktop/Desktop.tsx, /src/components/Desktop/Dock.tsx, /src/components/Desktop/Menubar.tsx, /src/components/Desktop/Wallpaper.tsx, /src/components/Boot/BootSequence.tsx, /src/components/Apps/WorkApp.tsx, /src/components/Apps/AboutApp.tsx, /src/components/Apps/TerminalApp.tsx, /src/components/Apps/ProjectsApp.tsx, /src/components/Window/Window.tsx, /src/components/Apps/ContactApp.tsx, /src/components/Apps/SkillsApp.tsx[22m
[2m00:20:42[22m [36m[1m[vite][22m[39m [32mhmr update [39m[2m/src/components/Apps/AboutApp.tsx[22m
[2m00:20:49[22m [36m[1m[vite][22m[39m [32mhmr update [39m[2m/src/components/Apps/ContactApp.tsx[22m
[2m00:20:56[22m [36m[1m[vite][22m[39m [32mhmr update [39m[2m/src/components/Mobile/MobilePortfolio.tsx[22m
[2m00:21:04[22m [36m[1m[vite][22m[39m [32mhmr update [39m[2m/src/styles/global.css[22m
[2m00:22:10[22m [36m[1m[vite][22m[39m [32mhmr update [39m[2m/src/components/Mobile/MobilePortfolio.tsx, /src/components/Apps/ProjectDetailApp.tsx, /src/components/Desktop/Desktop.tsx, /src/components/Desktop/Dock.tsx, /src/components/Desktop/Menubar.tsx, /src/components/Desktop/Wallpaper.tsx, /src/components/Boot/BootSequence.tsx, /src/components/Apps/WorkApp.tsx, /src/components/Apps/AboutApp.tsx, /src/components/Apps/TerminalApp.tsx, /src/components/Apps/ProjectsApp.tsx, /src/components/Window/Window.tsx, /src/components/Apps/ContactApp.tsx, /src/components/Apps/SkillsApp.tsx[22m
[2m00:22:28[22m [36m[1m[vite][22m[39m [32mhmr update [39m[2m/src/components/Mobile/MobilePortfolio.tsx, /src/components/Apps/ProjectDetailApp.tsx, /src/components/Desktop/Desktop.tsx, /src/components/Desktop/Dock.tsx, /src/components/Desktop/Menubar.tsx, /src/components/Desktop/Wallpaper.tsx, /src/components/Boot/BootSequence.tsx, /src/components/Apps/WorkApp.tsx, /src/components/Apps/AboutApp.tsx, /src/components/Apps/TerminalApp.tsx, /src/components/Apps/ProjectsApp.tsx, /src/components/Window/Window.tsx, /src/components/Apps/ContactApp.tsx, /src/components/Apps/SkillsApp.tsx[22m
[2m00:22:55[22m [36m[1m[vite][22m[39m [32mhmr update [39m[2m/src/components/Mobile/MobilePortfolio.tsx, /src/components/Apps/ProjectDetailApp.tsx, /src/components/Desktop/Desktop.tsx, /src/components/Desktop/Dock.tsx, /src/components/Desktop/Menubar.tsx, /src/components/Desktop/Wallpaper.tsx, /src/components/Boot/BootSequence.tsx, /src/components/Apps/WorkApp.tsx, /src/components/Apps/AboutApp.tsx, /src/components/Apps/TerminalApp.tsx, /src/components/Apps/ProjectsApp.tsx, /src/components/Window/Window.tsx, /src/components/Apps/ContactApp.tsx, /src/components/Apps/SkillsApp.tsx[22m
[2m00:23:33[22m [36m[1m[vite][22m[39m [32mhmr update [39m[2m/src/components/Mobile/MobilePortfolio.tsx, /src/components/Desktop/Desktop.tsx, /src/components/Desktop/Menubar.tsx, /src/components/Apps/ProjectDetailApp.tsx, /src/components/Apps/WorkApp.tsx, /src/components/Apps/AboutApp.tsx, /src/components/Apps/ProjectsApp.tsx, /src/components/Apps/ContactApp.tsx, /src/components/Apps/SkillsApp.tsx, /src/components/Apps/TerminalApp.tsx[22m
[2m00:23:55[22m [36m[1m[vite][22m[39m [32mhmr update [39m[2m/src/components/Mobile/MobilePortfolio.tsx, /src/components/Desktop/Desktop.tsx, /src/components/Desktop/Menubar.tsx, /src/components/Apps/ProjectDetailApp.tsx, /src/components/Apps/WorkApp.tsx, /src/components/Apps/AboutApp.tsx, /src/components/Apps/ProjectsApp.tsx, /src/components/Apps/ContactApp.tsx, /src/components/Apps/SkillsApp.tsx, /src/components/Apps/TerminalApp.tsx[22m
[2m00:26:00[22m [36m[1m[vite][22m[39m [32mhmr update [39m[2m/src/components/Window/WindowChrome.tsx[22m
[2m00:26:15[22m [36m[1m[vite][22m[39m [32mhmr update [39m[2m/src/components/Window/WindowChrome.tsx[22m
[2m00:26:33[22m [36m[1m[vite][22m[39m [32mhmr update [39m[2m/src/components/Window/Window.tsx[22m
[2m00:26:50[22m [36m[1m[vite][22m[39m [32mhmr update [39m[2m/src/styles/global.css[22m
[2m00:26:59[22m [36m[1m[vite][22m[39m [32mhmr update [39m[2m/src/styles/animations.css[22m
[2m00:31:43[22m [36m[1m[vite][22m[39m [32mhmr update [39m[2m/src/styles/animations.css[22m
[2m00:31:50[22m [36m[1m[vite][22m[39m [32mhmr update [39m[2m/src/styles/global.css[22m
[2m00:33:18[22m [36m[1m[vite][22m[39m [32mhmr update [39m[2m/src/components/Window/Window.tsx[22m
[2m00:33:28[22m [36m[1m[vite][22m[39m [32mhmr update [39m[2m/src/styles/animations.css[22m
[2m00:35:19[22m [36m[1m[vite][22m[39m [32mhmr update [39m[2m/src/styles/global.css[22m
[2m00:35:32[22m [36m[1m[vite][22m[39m [32mhmr update [39m[2m/src/styles/global.css[22m
[2m00:35:41[22m [36m[1m[vite][22m[39m [32mhmr update [39m[2m/src/styles/animations.css[22m
